This file contains the expected output of --validate-extension-api when run against the extension_api.json of the
4.5-stable tag (the basename of this file).

Only lines that start with "Validate extension JSON:" matter, everything else is considered a comment and ignored. They
should instead be used to justify these changes and describe how users should work around these changes.

Add new entries at the end of the file.

## Changes between 4.5-stable and 4.6-stable

GH-110120
--------
Validate extension JSON: API was removed: classes/SpringBoneSimulator3D/enums/BoneDirection
Validate extension JSON: API was removed: classes/SpringBoneSimulator3D/enums/RotationAxis
Validate extension JSON: Error: Field 'classes/SpringBoneSimulator3D/methods/get_end_bone_direction/return_value': type changed value in new API, from "enum::SpringBoneSimulator3D.BoneDirection" to "enum::SkeletonModifier3D.BoneDirection".
Validate extension JSON: Error: Field 'classes/SpringBoneSimulator3D/methods/get_joint_rotation_axis/return_value': type changed value in new API, from "enum::SpringBoneSimulator3D.RotationAxis" to "enum::SkeletonModifier3D.RotationAxis".
Validate extension JSON: Error: Field 'classes/SpringBoneSimulator3D/methods/get_rotation_axis/return_value': type changed value in new API, from "enum::SpringBoneSimulator3D.RotationAxis" to "enum::SkeletonModifier3D.RotationAxis".
Validate extension JSON: Error: Field 'classes/SpringBoneSimulator3D/methods/set_end_bone_direction/arguments/1': type changed value in new API, from "enum::SpringBoneSimulator3D.BoneDirection" to "enum::SkeletonModifier3D.BoneDirection".
Validate extension JSON: Error: Field 'classes/SpringBoneSimulator3D/methods/set_joint_rotation_axis/arguments/2': type changed value in new API, from "enum::SpringBoneSimulator3D.RotationAxis" to "enum::SkeletonModifier3D.RotationAxis".
Validate extension JSON: Error: Field 'classes/SpringBoneSimulator3D/methods/set_rotation_axis/arguments/1': type changed value in new API, from "enum::SpringBoneSimulator3D.RotationAxis" to "enum::SkeletonModifier3D.RotationAxis".

Same enum is defined in the SkeletonModifier3D which is a base class of the SpringBoneSimulator3D.
